---
http_interactions:
- request:
    method: post
    uri: http://192.168.56.2:9080/zport/dmd/zport/dmd/device_router
    body:
      encoding: UTF-8
      string: '[{"action":"DeviceRouter","method":"getDevices","data":[{"uid":"/zport/dmd/Devices","params":{"name":"UnitTestDevice"}}],"type":"rpc","tid":20}]'
    headers:
      User-Agent:
      - HTTPClient/1.0 (2.6.0.1, ruby 2.2.0 (2014-12-25))
      Accept:
      - "*/*"
      Date:
      - Fri, 22 May 2015 12:19:39 GMT
      Content-Type:
      - application/json; charset=utf-8
      Cookie:
      - __ginger_snap=NjE2NDZkNjk2ZTo3YTY1NmU2ZjczNzM%253D
  response:
    status:
      code: 200
      message: OK
    headers:
      Server:
      - Zope/(2.12.1, python 2.6.2, linux2) ZServer/1.1
      Date:
      - Fri, 22 May 2015 12:19:39 GMT
      Content-Length:
      - '577'
      Content-Type:
      - application/json
    body:
      encoding: UTF-8
      string: '{"tid": 20, "action": "DeviceRouter", "type": "rpc", "method": "getDevices",
        "result": {"totalCount": 1, "hash": "1", "success": true, "devices": [{"groups":
        [], "serialNumber": "", "name": "UnitTestDevice", "collector": "localhost",
        "osModel": null, "productionState": "Production", "location": null, "priority":
        "Normal", "hwModel": null, "tagNumber": "", "osManufacturer": null, "systems":
        [], "hwManufacturer": null, "ipAddress": null, "events": {"info": 0, "debug":
        0, "critical": 0, "warning": 0, "error": 0}, "uid": "/zport/dmd/Devices/Server/devices/UnitTestDevice"}]}}'
    http_version: 
  recorded_at: Fri, 22 May 2015 12:19:39 GMT
- request:
    method: get
    uri: http://192.168.56.2:9080/zport/dmd/zport/dmd/Devices/Server/devices/UnitTestDevice/renameDevice?newId=unit_test_temporary_device_name
    body:
      encoding: UTF-8
      string: ''
    headers:
      User-Agent:
      - HTTPClient/1.0 (2.6.0.1, ruby 2.2.0 (2014-12-25))
      Accept:
      - "*/*"
      Date:
      - Fri, 22 May 2015 12:19:39 GMT
      Cookie:
      - __ginger_snap=NjE2NDZkNjk2ZTo3YTY1NmU2ZjczNzM%253D
  response:
    status:
      code: 200
      message: OK
    headers:
      Server:
      - Zope/(2.12.1, python 2.6.2, linux2) ZServer/1.1
      Date:
      - Fri, 22 May 2015 12:19:39 GMT
      Content-Length:
      - '65'
      Content-Type:
      - text/plain; charset=utf-8
    body:
      encoding: UTF-8
      string: "/zport/dmd/Devices/Server/devices/unit_test_temporary_device_name"
    http_version: 
  recorded_at: Fri, 22 May 2015 12:19:39 GMT
- request:
    method: post
    uri: http://192.168.56.2:9080/zport/dmd/zport/dmd/device_router
    body:
      encoding: UTF-8
      string: '[{"action":"DeviceRouter","method":"getDevices","data":[{"uid":"/zport/dmd/Devices","params":{"name":"unit_test_temporary_device_name"}}],"type":"rpc","tid":21}]'
    headers:
      User-Agent:
      - HTTPClient/1.0 (2.6.0.1, ruby 2.2.0 (2014-12-25))
      Accept:
      - "*/*"
      Date:
      - Fri, 22 May 2015 12:19:39 GMT
      Content-Type:
      - application/json; charset=utf-8
      Cookie:
      - __ginger_snap=NjE2NDZkNjk2ZTo3YTY1NmU2ZjczNzM%253D
  response:
    status:
      code: 200
      message: OK
    headers:
      Server:
      - Zope/(2.12.1, python 2.6.2, linux2) ZServer/1.1
      Date:
      - Fri, 22 May 2015 12:19:39 GMT
      Content-Length:
      - '611'
      Content-Type:
      - application/json
    body:
      encoding: UTF-8
      string: '{"tid": 21, "action": "DeviceRouter", "type": "rpc", "method": "getDevices",
        "result": {"totalCount": 1, "hash": "1", "success": true, "devices": [{"groups":
        [], "serialNumber": "", "name": "unit_test_temporary_device_name", "collector":
        "localhost", "osModel": null, "productionState": "Production", "location":
        null, "priority": "Normal", "hwModel": null, "tagNumber": "", "osManufacturer":
        null, "systems": [], "hwManufacturer": null, "ipAddress": null, "events":
        {"info": 0, "debug": 0, "critical": 0, "warning": 0, "error": 0}, "uid": "/zport/dmd/Devices/Server/devices/unit_test_temporary_device_name"}]}}'
    http_version: 
  recorded_at: Fri, 22 May 2015 12:19:39 GMT
- request:
    method: get
    uri: http://192.168.56.2:9080/zport/dmd/zport/dmd/Devices/Server/devices/unit_test_temporary_device_name/renameDevice?newId=UnitTestDevice
    body:
      encoding: UTF-8
      string: ''
    headers:
      User-Agent:
      - HTTPClient/1.0 (2.6.0.1, ruby 2.2.0 (2014-12-25))
      Accept:
      - "*/*"
      Date:
      - Fri, 22 May 2015 12:19:39 GMT
      Cookie:
      - __ginger_snap=NjE2NDZkNjk2ZTo3YTY1NmU2ZjczNzM%253D
  response:
    status:
      code: 200
      message: OK
    headers:
      Server:
      - Zope/(2.12.1, python 2.6.2, linux2) ZServer/1.1
      Date:
      - Fri, 22 May 2015 12:19:40 GMT
      Content-Length:
      - '48'
      Content-Type:
      - text/plain; charset=utf-8
    body:
      encoding: UTF-8
      string: "/zport/dmd/Devices/Server/devices/UnitTestDevice"
    http_version: 
  recorded_at: Fri, 22 May 2015 12:19:40 GMT
recorded_with: VCR 2.9.3
