---
http_interactions:
- request:
    method: post
    uri: http://localhost:8080/zport/dmd/zport/dmd/device_router
    body:
      encoding: UTF-8
      string: '[{"action":"DeviceRouter","method":"getDevices","data":[{"uid":"/zport/dmd/Devices","params":{"name":"UnitTestDevice"}}],"type":"rpc","tid":20}]'
    headers:
      User-Agent:
      - HTTPClient/1.0 (2.8.3, ruby 2.3.3 (2016-11-21))
      Accept:
      - "*/*"
      Date:
      - Tue, 19 Feb 2019 22:36:54 GMT
      Content-Type:
      - application/json; charset=utf-8
      Cookie: ''
  response:
    status:
      code: 200
      message: OK
    headers:
      Content-Type:
      - application/json
      Date:
      - Tue, 19 Feb 2019 22:36:55 GMT
      Server: ''
      Strict-Transport-Security:
      - max-age=31536000
      Vary:
      - Accept-Encoding
      X-Frame-Options:
      - SAMEORIGIN
      X-Xss-Protection:
      - 1; mode=block
      Content-Length:
      - '905'
      Set-Cookie: ''
    body:
      encoding: UTF-8
      string: '{"uuid": "bf5f4de2-a82e-475e-bc95-a78d718f445a", "action": "DeviceRouter",
        "result": {"totalCount": 1, "hash": "1", "success": true, "devices": [{"ipAddressString":
        null, "serialNumber": "", "pythonClass": "Products.ZenModel.Device", "hwManufacturer":
        null, "collector": "localhost", "osModel": null, "productionState": 400, "systems":
        [], "priority": 3, "hwModel": null, "tagNumber": "", "osManufacturer": null,
        "location": null, "groups": [], "uid": "/zport/dmd/Devices/Server/devices/UnitTestDevice",
        "ipAddress": null, "events": {"info": {"count": 0, "acknowledged_count": 0},
        "clear": {"count": 0, "acknowledged_count": 0}, "warning": {"count": 0, "acknowledged_count":
        0}, "critical": {"count": 0, "acknowledged_count": 0}, "error": {"count":
        0, "acknowledged_count": 0}, "debug": {"count": 0, "acknowledged_count": 0}},
        "name": "UnitTestDevice"}]}, "tid": 20, "type": "rpc", "method": "getDevices"}'
    http_version: 
  recorded_at: Tue, 19 Feb 2019 22:36:55 GMT
- request:
    method: get
    uri: http://localhost:8080/zport/dmd/zport/dmd/Devices/Server/devices/UnitTestDevice/renameDevice?newId=unit_test_temporary_device_name
    body:
      encoding: UTF-8
      string: ''
    headers:
      User-Agent:
      - HTTPClient/1.0 (2.8.3, ruby 2.3.3 (2016-11-21))
      Accept:
      - "*/*"
      Date:
      - Tue, 19 Feb 2019 22:36:55 GMT
      Cookie: ''
  response:
    status:
      code: 200
      message: OK
    headers:
      Content-Length:
      - '65'
      Content-Type:
      - text/plain; charset=utf-8
      Date:
      - Tue, 19 Feb 2019 22:36:56 GMT
      Server: ''
      Strict-Transport-Security:
      - max-age=31536000
      X-Frame-Options:
      - SAMEORIGIN
      X-Xss-Protection:
      - 1; mode=block
      Set-Cookie: ''
    body:
      encoding: UTF-8
      string: "/zport/dmd/Devices/Server/devices/unit_test_temporary_device_name"
    http_version: 
  recorded_at: Tue, 19 Feb 2019 22:36:56 GMT
- request:
    method: post
    uri: http://localhost:8080/zport/dmd/zport/dmd/device_router
    body:
      encoding: UTF-8
      string: '[{"action":"DeviceRouter","method":"getDevices","data":[{"uid":"/zport/dmd/Devices","params":{"name":"unit_test_temporary_device_name"}}],"type":"rpc","tid":21}]'
    headers:
      User-Agent:
      - HTTPClient/1.0 (2.8.3, ruby 2.3.3 (2016-11-21))
      Accept:
      - "*/*"
      Date:
      - Tue, 19 Feb 2019 22:36:56 GMT
      Content-Type:
      - application/json; charset=utf-8
      Cookie: ''
  response:
    status:
      code: 200
      message: OK
    headers:
      Content-Type:
      - application/json
      Date:
      - Tue, 19 Feb 2019 22:36:57 GMT
      Server: ''
      Strict-Transport-Security:
      - max-age=31536000
      Vary:
      - Accept-Encoding
      X-Frame-Options:
      - SAMEORIGIN
      X-Xss-Protection:
      - 1; mode=block
      Content-Length:
      - '939'
      Set-Cookie: ''
    body:
      encoding: UTF-8
      string: '{"uuid": "6a913108-bbb3-45dd-927c-936a381fb5b7", "action": "DeviceRouter",
        "result": {"totalCount": 1, "hash": "1", "success": true, "devices": [{"ipAddressString":
        null, "serialNumber": "", "pythonClass": "Products.ZenModel.Device", "hwManufacturer":
        null, "collector": "localhost", "osModel": null, "productionState": 400, "systems":
        [], "priority": 3, "hwModel": null, "tagNumber": "", "osManufacturer": null,
        "location": null, "groups": [], "uid": "/zport/dmd/Devices/Server/devices/unit_test_temporary_device_name",
        "ipAddress": null, "events": {"info": {"count": 0, "acknowledged_count": 0},
        "clear": {"count": 0, "acknowledged_count": 0}, "warning": {"count": 0, "acknowledged_count":
        0}, "critical": {"count": 0, "acknowledged_count": 0}, "error": {"count":
        0, "acknowledged_count": 0}, "debug": {"count": 0, "acknowledged_count": 0}},
        "name": "unit_test_temporary_device_name"}]}, "tid": 21, "type": "rpc", "method":
        "getDevices"}'
    http_version: 
  recorded_at: Tue, 19 Feb 2019 22:36:57 GMT
- request:
    method: get
    uri: http://localhost:8080/zport/dmd/zport/dmd/Devices/Server/devices/unit_test_temporary_device_name/renameDevice?newId=UnitTestDevice
    body:
      encoding: UTF-8
      string: ''
    headers:
      User-Agent:
      - HTTPClient/1.0 (2.8.3, ruby 2.3.3 (2016-11-21))
      Accept:
      - "*/*"
      Date:
      - Tue, 19 Feb 2019 22:36:57 GMT
      Cookie: ''
  response:
    status:
      code: 200
      message: OK
    headers:
      Content-Length:
      - '48'
      Content-Type:
      - text/plain; charset=utf-8
      Date:
      - Tue, 19 Feb 2019 22:36:57 GMT
      Server: ''
      Strict-Transport-Security:
      - max-age=31536000
      X-Frame-Options:
      - SAMEORIGIN
      X-Xss-Protection:
      - 1; mode=block
      Set-Cookie: ''
    body:
      encoding: UTF-8
      string: "/zport/dmd/Devices/Server/devices/UnitTestDevice"
    http_version: 
  recorded_at: Tue, 19 Feb 2019 22:36:57 GMT
recorded_with: VCR 4.0.0
